// Jest Snapshot v1, https://goo.gl/fbAQLP

exports[`LoginForm Renders correctly without crashing 1`] = `ShallowWrapper {}`;
