// Jest Snapshot v1, https://goo.gl/fbAQLP

exports[`TimeCard Renders correctly without crashing 1`] = `ShallowWrapper {}`;
