// Jest Snapshot v1, https://goo.gl/fbAQLP

exports[`ProjectForm Renders correctly without crashing 1`] = `ShallowWrapper {}`;
