// Jest Snapshot v1, https://goo.gl/fbAQLP

exports[`Alert Renders correctly without crashing 1`] = `ShallowWrapper {}`;
