// Jest Snapshot v1, https://goo.gl/fbAQLP

exports[`AppRoot Renders correctly without crashing 1`] = `ShallowWrapper {}`;
