// Jest Snapshot v1, https://goo.gl/fbAQLP

exports[`Popup Renders correctly without crashing 1`] = `ShallowWrapper {}`;
