// Jest Snapshot v1, https://goo.gl/fbAQLP

exports[`Footer Renders correctly without crashing 1`] = `ShallowWrapper {}`;
