// Jest Snapshot v1, https://goo.gl/fbAQLP

exports[`ProjectCard Renders correctly without crashing 1`] = `ShallowWrapper {}`;
