// Jest Snapshot v1, https://goo.gl/fbAQLP

exports[`Header Renders correctly without crashing 1`] = `ShallowWrapper {}`;
