// Jest Snapshot v1, https://goo.gl/fbAQLP

exports[`PageSection Renders correctly without crashing 1`] = `ShallowWrapper {}`;
