// Jest Snapshot v1, https://goo.gl/fbAQLP

exports[`RegisterForm Renders correctly without crashing 1`] = `ShallowWrapper {}`;
