// Jest Snapshot v1, https://goo.gl/fbAQLP

exports[`ParticleWrapper Renders correctly without crashing 1`] = `ShallowWrapper {}`;
