// Jest Snapshot v1, https://goo.gl/fbAQLP

exports[`AlertContainer Renders correctly without crashing 1`] = `ShallowWrapper {}`;
