// Jest Snapshot v1, https://goo.gl/fbAQLP

exports[`PillButton Renders correctly without crashing 1`] = `ShallowWrapper {}`;
