// Jest Snapshot v1, https://goo.gl/fbAQLP

exports[`TimeForm Renders correctly without crashing 1`] = `ShallowWrapper {}`;
