// Jest Snapshot v1, https://goo.gl/fbAQLP

exports[`FocusToggle Renders correctly without crashing 1`] = `ShallowWrapper {}`;
