// Jest Snapshot v1, https://goo.gl/fbAQLP

exports[`ObjectDropdown Renders correctly without crashing 1`] = `ShallowWrapper {}`;
